[2026-07-19 15:52:15] --- DÉBUT DE SYNCHRONISATION ---
[2026-07-19 15:52:19] [AJOUT] Zacharie LEDUC (50SF) | Ajout 1er temps : 00:23.06 @ Lorient
[2026-07-19 15:52:19] [NOUVEAU TEMPS] Luca SOLLAZZO (50SF) | Ancien: 00:24.09 -> Nouveau: 00:23.30 @ Limoges
[2026-07-19 15:52:19] [AJOUT] Nevis VIGOUROUX (50SF) | Ajout 1er temps : 00:26.51 @ Lorient
[2026-07-19 15:52:19] [AJOUT] Celian PRIGENT (50SF) | Ajout 1er temps : 00:26.63 @ Lorient
[2026-07-19 15:52:19] [AJOUT] Yves PRIGENT (50SF) | Ajout 1er temps : 00:27.28 @ Rennes
[2026-07-19 15:52:19] [AJOUT] Thomas LEBEE (50SF) | Ajout 1er temps : 00:27.67 @ Lorient
[2026-07-19 15:52:19] [NOUVEAU TEMPS] Simon LANDOLSI (50SF) | Ancien: 00:30.55 -> Nouveau: 00:29.59 @ La roche-sur-yon
[2026-07-19 15:52:45] [NOUVEAU TEMPS] Luca SOLLAZZO (50AP) | Ancien: 00:21.60 -> Nouveau: 00:19.39 @ Limoges
[2026-07-19 15:52:45] [AJOUT] Celian PRIGENT (50AP) | Ajout 1er temps : 00:24.39 @ Quimper
[2026-07-19 15:53:20] [NOUVEAU TEMPS] Luca SOLLAZZO (400BI) | Ancien: 04:21.89 -> Nouveau: 04:09.50 @ Aix en provence
[2026-07-19 15:53:20] [AJOUT] Celian PRIGENT (400BI) | Ajout 1er temps : 04:27.46 @ Rennes
[2026-07-19 15:53:20] [AJOUT] Zacharie LEDUC (400BI) | Ajout 1er temps : 04:28.17 @ Brest
[2026-07-19 15:53:20] [NOUVEAU TEMPS] Thierry HENRI (400BI) | Ancien: 04:37.71 -> Nouveau: 04:32.71 @ La roche-sur-yon
[2026-07-19 15:53:20] [AJOUT] Maxime LE POGAM (400BI) | Ajout 1er temps : 04:47.74 @ Auray
[2026-07-19 15:53:20] [NOUVEAU TEMPS] Nevis VIGOUROUX (400BI) | Ancien: 05:05.62 -> Nouveau: 04:57.17 @ Limoges
[2026-07-19 15:53:20] [AJOUT] Killian TORC'H (400BI) | Ajout 1er temps : 05:04.56 @ Baud
[2026-07-19 15:53:20] [AJOUT] Simon LANDOLSI (400BI) | Ajout 1er temps : 05:11.85 @ Lorient
[2026-07-19 15:53:20] [AJOUT] Christophe KERJEAN (400BI) | Ajout 1er temps : 05:15.92 @ Baud
[2026-07-19 15:53:20] [AJOUT] Yves PRIGENT (400BI) | Ajout 1er temps : 05:25.65 @ Brest
[2026-07-19 15:53:20] --- FIN DE SYNCHRONISATION ---
